Archive member included to satisfy reference by file (symbol)

c:/st/stm32cubeide_1.10.1/stm32cubeide/plugins/com.st.stm32cube.ide.mcu.externaltools.gnu-tools-for-stm32.10.3-2021.10.win32_1.0.0.202111181127/tools/bin/../lib/gcc/arm-none-eabi/10.3.1/../../../../arm-none-eabi/lib/thumb/v7e-m+fp/hard\libc_nano.a(lib_a-errno.o)
                              ./Core/Src/syscalls.o (__errno)
c:/st/stm32cubeide_1.10.1/stm32cubeide/plugins/com.st.stm32cube.ide.mcu.externaltools.gnu-tools-for-stm32.10.3-2021.10.win32_1.0.0.202111181127/tools/bin/../lib/gcc/arm-none-eabi/10.3.1/../../../../arm-none-eabi/lib/thumb/v7e-m+fp/hard\libc_nano.a(lib_a-exit.o)
                              c:/st/stm32cubeide_1.10.1/stm32cubeide/plugins/com.st.stm32cube.ide.mcu.externaltools.gnu-tools-for-stm32.10.3-2021.10.win32_1.0.0.202111181127/tools/bin/../lib/gcc/arm-none-eabi/10.3.1/../../../../arm-none-eabi/lib/thumb/v7e-m+fp/hard/crt0.o (exit)
c:/st/stm32cubeide_1.10.1/stm32cubeide/plugins/com.st.stm32cube.ide.mcu.externaltools.gnu-tools-for-stm32.10.3-2021.10.win32_1.0.0.202111181127/tools/bin/../lib/gcc/arm-none-eabi/10.3.1/../../../../arm-none-eabi/lib/thumb/v7e-m+fp/hard\libc_nano.a(lib_a-impure.o)
                              c:/st/stm32cubeide_1.10.1/stm32cubeide/plugins/com.st.stm32cube.ide.mcu.externaltools.gnu-tools-for-stm32.10.3-2021.10.win32_1.0.0.202111181127/tools/bin/../lib/gcc/arm-none-eabi/10.3.1/../../../../arm-none-eabi/lib/thumb/v7e-m+fp/hard\libc_nano.a(lib_a-exit.o) (_global_impure_ptr)
c:/st/stm32cubeide_1.10.1/stm32cubeide/plugins/com.st.stm32cube.ide.mcu.externaltools.gnu-tools-for-stm32.10.3-2021.10.win32_1.0.0.202111181127/tools/bin/../lib/gcc/arm-none-eabi/10.3.1/../../../../arm-none-eabi/lib/thumb/v7e-m+fp/hard\libc_nano.a(lib_a-init.o)
                              c:/st/stm32cubeide_1.10.1/stm32cubeide/plugins/com.st.stm32cube.ide.mcu.externaltools.gnu-tools-for-stm32.10.3-2021.10.win32_1.0.0.202111181127/tools/bin/../lib/gcc/arm-none-eabi/10.3.1/../../../../arm-none-eabi/lib/thumb/v7e-m+fp/hard/crt0.o (__libc_init_array)
c:/st/stm32cubeide_1.10.1/stm32cubeide/plugins/com.st.stm32cube.ide.mcu.externaltools.gnu-tools-for-stm32.10.3-2021.10.win32_1.0.0.202111181127/tools/bin/../lib/gcc/arm-none-eabi/10.3.1/../../../../arm-none-eabi/lib/thumb/v7e-m+fp/hard\libc_nano.a(lib_a-memset.o)
                              c:/st/stm32cubeide_1.10.1/stm32cubeide/plugins/com.st.stm32cube.ide.mcu.externaltools.gnu-tools-for-stm32.10.3-2021.10.win32_1.0.0.202111181127/tools/bin/../lib/gcc/arm-none-eabi/10.3.1/../../../../arm-none-eabi/lib/thumb/v7e-m+fp/hard/crt0.o (memset)
c:/st/stm32cubeide_1.10.1/stm32cubeide/plugins/com.st.stm32cube.ide.mcu.externaltools.gnu-tools-for-stm32.10.3-2021.10.win32_1.0.0.202111181127/tools/bin/../lib/gcc/arm-none-eabi/10.3.1/thumb/v7e-m+fp/hard\libgcc.a(_aeabi_uldivmod.o)
                              ./Drivers/STM32F4xx_HAL_Driver/Src/stm32f4xx_hal_rcc.o (__aeabi_uldivmod)
c:/st/stm32cubeide_1.10.1/stm32cubeide/plugins/com.st.stm32cube.ide.mcu.externaltools.gnu-tools-for-stm32.10.3-2021.10.win32_1.0.0.202111181127/tools/bin/../lib/gcc/arm-none-eabi/10.3.1/thumb/v7e-m+fp/hard\libgcc.a(_udivmoddi4.o)
                              c:/st/stm32cubeide_1.10.1/stm32cubeide/plugins/com.st.stm32cube.ide.mcu.externaltools.gnu-tools-for-stm32.10.3-2021.10.win32_1.0.0.202111181127/tools/bin/../lib/gcc/arm-none-eabi/10.3.1/thumb/v7e-m+fp/hard\libgcc.a(_aeabi_uldivmod.o) (__udivmoddi4)
c:/st/stm32cubeide_1.10.1/stm32cubeide/plugins/com.st.stm32cube.ide.mcu.externaltools.gnu-tools-for-stm32.10.3-2021.10.win32_1.0.0.202111181127/tools/bin/../lib/gcc/arm-none-eabi/10.3.1/thumb/v7e-m+fp/hard\libgcc.a(_dvmd_tls.o)
                              c:/st/stm32cubeide_1.10.1/stm32cubeide/plugins/com.st.stm32cube.ide.mcu.externaltools.gnu-tools-for-stm32.10.3-2021.10.win32_1.0.0.202111181127/tools/bin/../lib/gcc/arm-none-eabi/10.3.1/thumb/v7e-m+fp/hard\libgcc.a(_aeabi_uldivmod.o) (__aeabi_ldiv0)

Discarded input sections

 .text          0x0000000000000000        0x0 c:/st/stm32cubeide_1.10.1/stm32cubeide/plugins/com.st.stm32cube.ide.mcu.externaltools.gnu-tools-for-stm32.10.3-2021.10.win32_1.0.0.202111181127/tools/bin/../lib/gcc/arm-none-eabi/10.3.1/thumb/v7e-m+fp/hard/crti.o
 .data          0x0000000000000000        0x0 c:/st/stm32cubeide_1.10.1/stm32cubeide/plugins/com.st.stm32cube.ide.mcu.externaltools.gnu-tools-for-stm32.10.3-2021.10.win32_1.0.0.202111181127/tools/bin/../lib/gcc/arm-none-eabi/10.3.1/thumb/v7e-m+fp/hard/crti.o
 .bss           0x0000000000000000        0x0 c:/st/stm32cubeide_1.10.1/stm32cubeide/plugins/com.st.stm32cube.ide.mcu.externaltools.gnu-tools-for-stm32.10.3-2021.10.win32_1.0.0.202111181127/tools/bin/../lib/gcc/arm-none-eabi/10.3.1/thumb/v7e-m+fp/hard/crti.o
[...]
Memory Configuration

Name             Origin             Length             Attributes
CCMRAM           0x0000000010000000 0x0000000000010000 xrw
RAM              0x0000000020000000 0x0000000000020000 xrw
FLASH            0x0000000008000000 0x0000000000080000 xr
*default*        0x0000000000000000 0xffffffffffffffff

Linker script and memory map

LOAD c:/st/stm32cubeide_1.10.1/stm32cubeide/plugins/com.st.stm32cube.ide.mcu.externaltools.gnu-tools-for-stm32.10.3-2021.10.win32_1.0.0.202111181127/tools/bin/../lib/gcc/arm-none-eabi/10.3.1/thumb/v7e-m+fp/hard/crti.o
LOAD c:/st/stm32cubeide_1.10.1/stm32cubeide/plugins/com.st.stm32cube.ide.mcu.externaltools.gnu-tools-for-stm32.10.3-2021.10.win32_1.0.0.202111181127/tools/bin/../lib/gcc/arm-none-eabi/10.3.1/thumb/v7e-m+fp/hard/crtbegin.o
LOAD c:/st/stm32cubeide_1.10.1/stm32cubeide/plugins/com.st.stm32cube.ide.mcu.externaltools.gnu-tools-for-stm32.10.3-2021.10.win32_1.0.0.202111181127/tools/bin/../lib/gcc/arm-none-eabi/10.3.1/../../../../arm-none-eabi/lib/thumb/v7e-m+fp/hard/crt0.o
LOAD ./Core/Src/cg9a01.o
LOAD ./Core/Src/dma.o
LOAD ./Core/Src/gpio.o
LOAD ./Core/Src/main.o
LOAD ./Core/Src/spi.o
LOAD ./Core/Src/stm32f4xx_hal_msp.o
LOAD ./Core/Src/stm32f4xx_it.o
LOAD ./Core/Src/syscalls.o
LOAD ./Core/Src/sysmem.o
LOAD ./Core/Src/system_stm32f4xx.o
LOAD ./Core/Startup/startup_stm32f407vetx.o
LOAD ./Drivers/STM32F4xx_HAL_Driver/Src/stm32f4xx_hal.o
LOAD ./Drivers/STM32F4xx_HAL_Driver/Src/stm32f4xx_hal_cortex.o
LOAD ./Drivers/STM32F4xx_HAL_Driver/Src/stm32f4xx_hal_dma.o
LOAD ./Drivers/STM32F4xx_HAL_Driver/Src/stm32f4xx_hal_dma_ex.o
LOAD ./Drivers/STM32F4xx_HAL_Driver/Src/stm32f4xx_hal_exti.o
LOAD ./Drivers/STM32F4xx_HAL_Driver/Src/stm32f4xx_hal_flash.o
LOAD ./Drivers/STM32F4xx_HAL_Driver/Src/stm32f4xx_hal_flash_ex.o
LOAD ./Drivers/STM32F4xx_HAL_Driver/Src/stm32f4xx_hal_flash_ramfunc.o
LOAD ./Drivers/STM32F4xx_HAL_Driver/Src/stm32f4xx_hal_gpio.o
LOAD ./Drivers/STM32F4xx_HAL_Driver/Src/stm32f4xx_hal_pwr.o
LOAD ./Drivers/STM32F4xx_HAL_Driver/Src/stm32f4xx_hal_pwr_ex.o
LOAD ./Drivers/STM32F4xx_HAL_Driver/Src/stm32f4xx_hal_rcc.o
LOAD ./Drivers/STM32F4xx_HAL_Driver/Src/stm32f4xx_hal_rcc_ex.o
LOAD ./Drivers/STM32F4xx_HAL_Driver/Src/stm32f4xx_hal_spi.o
LOAD ./Drivers/STM32F4xx_HAL_Driver/Src/stm32f4xx_hal_tim.o
LOAD ./Drivers/STM32F4xx_HAL_Driver/Src/stm32f4xx_hal_tim_ex.o
START GROUP
LOAD c:/st/stm32cubeide_1.10.1/stm32cubeide/plugins/com.st.stm32cube.ide.mcu.externaltools.gnu-tools-for-stm32.10.3-2021.10.win32_1.0.0.202111181127/tools/bin/../lib/gcc/arm-none-eabi/10.3.1/../../../../arm-none-eabi/lib/thumb/v7e-m+fp/hard\libc_nano.a
LOAD c:/st/stm32cubeide_1.10.1/stm32cubeide/plugins/com.st.stm32cube.ide.mcu.externaltools.gnu-tools-for-stm32.10.3-2021.10.win32_1.0.0.202111181127/tools/bin/../lib/gcc/arm-none-eabi/10.3.1/../../../../arm-none-eabi/lib/thumb/v7e-m+fp/hard\libm.a
END GROUP
START GROUP
LOAD c:/st/stm32cubeide_1.10.1/stm32cubeide/plugins/com.st.stm32cube.ide.mcu.externaltools.gnu-tools-for-stm32.10.3-2021.10.win32_1.0.0.202111181127/tools/bin/../lib/gcc/arm-none-eabi/10.3.1/thumb/v7e-m+fp/hard\libgcc.a
LOAD c:/st/stm32cubeide_1.10.1/stm32cubeide/plugins/com.st.stm32cube.ide.mcu.externaltools.gnu-tools-for-stm32.10.3-2021.10.win32_1.0.0.202111181127/tools/bin/../lib/gcc/arm-none-eabi/10.3.1/../../../../arm-none-eabi/lib/thumb/v7e-m+fp/hard\libc_nano.a
END GROUP
START GROUP
LOAD c:/st/stm32cubeide_1.10.1/stm32cubeide/plugins/com.st.stm32cube.ide.mcu.externaltools.gnu-tools-for-stm32.10.3-2021.10.win32_1.0.0.202111181127/tools/bin/../lib/gcc/arm-none-eabi/10.3.1/thumb/v7e-m+fp/hard\libgcc.a
LOAD c:/st/stm32cubeide_1.10.1/stm32cubeide/plugins/com.st.stm32cube.ide.mcu.externaltools.gnu-tools-for-stm32.10.3-2021.10.win32_1.0.0.202111181127/tools/bin/../lib/gcc/arm-none-eabi/10.3.1/../../../../arm-none-eabi/lib/thumb/v7e-m+fp/hard\libc_nano.a
LOAD c:/st/stm32cubeide_1.10.1/stm32cubeide/plugins/com.st.stm32cube.ide.mcu.externaltools.gnu-tools-for-stm32.10.3-2021.10.win32_1.0.0.202111181127/tools/bin/../lib/gcc/arm-none-eabi/10.3.1/../../../../arm-none-eabi/lib/thumb/v7e-m+fp/hard\libnosys.a
END GROUP
START GROUP
LOAD c:/st/stm32cubeide_1.10.1/stm32cubeide/plugins/com.st.stm32cube.ide.mcu.externaltools.gnu-tools-for-stm32.10.3-2021.10.win32_1.0.0.202111181127/tools/bin/../lib/gcc/arm-none-eabi/10.3.1/thumb/v7e-m+fp/hard\libgcc.a
LOAD c:/st/stm32cubeide_1.10.1/stm32cubeide/plugins/com.st.stm32cube.ide.mcu.externaltools.gnu-tools-for-stm32.10.3-2021.10.win32_1.0.0.202111181127/tools/bin/../lib/gcc/arm-none-eabi/10.3.1/../../../../arm-none-eabi/lib/thumb/v7e-m+fp/hard\libc_nano.a
LOAD c:/st/stm32cubeide_1.10.1/stm32cubeide/plugins/com.st.stm32cube.ide.mcu.externaltools.gnu-tools-for-stm32.10.3-2021.10.win32_1.0.0.202111181127/tools/bin/../lib/gcc/arm-none-eabi/10.3.1/../../../../arm-none-eabi/lib/thumb/v7e-m+fp/hard\libnosys.a
END GROUP
LOAD c:/st/stm32cubeide_1.10.1/stm32cubeide/plugins/com.st.stm32cube.ide.mcu.externaltools.gnu-tools-for-stm32.10.3-2021.10.win32_1.0.0.202111181127/tools/bin/../lib/gcc/arm-none-eabi/10.3.1/thumb/v7e-m+fp/hard/crtend.o
LOAD c:/st/stm32cubeide_1.10.1/stm32cubeide/plugins/com.st.stm32cube.ide.mcu.externaltools.gnu-tools-for-stm32.10.3-2021.10.win32_1.0.0.202111181127/tools/bin/../lib/gcc/arm-none-eabi/10.3.1/thumb/v7e-m+fp/hard/crtn.o
                0x0000000020020000                _estack = (ORIGIN (RAM) + LENGTH (RAM))
                0x0000000000000200                _Min_Heap_Size = 0x200
                0x0000000000000400                _Min_Stack_Size = 0x400

.isr_vector     0x0000000008000000      0x188
                0x0000000008000000                . = ALIGN (0x4)
 *(.isr_vector)
 .isr_vector    0x0000000008000000      0x188 ./Core/Startup/startup_stm32f407vetx.o
                0x0000000008000000                g_pfnVectors
                0x0000000008000188                . = ALIGN (0x4)

.text           0x0000000008000188     0x30ec
                0x0000000008000188                . = ALIGN (0x4)
 *(.text)
 .text          0x0000000008000188       0x40 c:/st/stm32cubeide_1.10.1/stm32cubeide/plugins/com.st.stm32cube.ide.mcu.externaltools.gnu-tools-for-stm32.10.3-2021.10.win32_1.0.0.202111181127/tools/bin/../lib/gcc/arm-none-eabi/10.3.1/thumb/v7e-m+fp/hard/crtbegin.o
 .text          0x00000000080001c8       0x30 c:/st/stm32cubeide_1.10.1/stm32cubeide/plugins/com.st.stm32cube.ide.mcu.externaltools.gnu-tools-for-stm32.10.3-2021.10.win32_1.0.0.202111181127/tools/bin/../lib/gcc/arm-none-eabi/10.3.1/thumb/v7e-m+fp/hard\libgcc.a(_aeabi_uldivmod.o)
                0x00000000080001c8                __aeabi_uldivmod
 .text          0x00000000080001f8      0x2d0 c:/st/stm32cubeide_1.10.1/stm32cubeide/plugins/com.st.stm32cube.ide.mcu.externaltools.gnu-tools-for-stm32.10.3-2021.10.win32_1.0.0.202111181127/tools/bin/../lib/gcc/arm-none-eabi/10.3.1/thumb/v7e-m+fp/hard\libgcc.a(_udivmoddi4.o)
                0x00000000080001f8                __udivmoddi4
 .text          0x00000000080004c8        0x4 c:/st/stm32cubeide_1.10.1/stm32cubeide/plugins/com.st.stm32cube.ide.mcu.externaltools.gnu-tools-for-stm32.10.3-2021.10.win32_1.0.0.202111181127/tools/bin/../lib/gcc/arm-none-eabi/10.3.1/thumb/v7e-m+fp/hard\libgcc.a(_dvmd_tls.o)
                0x00000000080004c8                __aeabi_idiv0
                0x00000000080004c8                __aeabi_ldiv0
 *(.text*)
 .text.Write_Cmd_Data
                0x00000000080004cc       0x40 ./Core/Src/cg9a01.o
                0x00000000080004cc                Write_Cmd_Data
 .text.Write_Cmd
                0x000000000800050c       0x40 ./Core/Src/cg9a01.o
                0x000000000800050c                Write_Cmd
 .text.Write_Data_U16
                0x000000000800054c       0x26 ./Core/Src/cg9a01.o
                0x000000000800054c                Write_Data_U16
 *fill*         0x0000000008000572        0x2 
 .text.Write_Data
                0x0000000008000574       0x50 ./Core/Src/cg9a01.o
                0x0000000008000574                Write_Data
 .text.Write_Bytes
                0x00000000080005c4       0x40 ./Core/Src/cg9a01.o
                0x00000000080005c4                Write_Bytes
 .text.SPI_Write
                0x0000000008000604       0x38 ./Core/Src/cg9a01.o
                0x0000000008000604                SPI_Write
 .text.GC9A01_Initial
                0x000000000800063c      0x4a0 ./Core/Src/cg9a01.o
                0x000000000800063c                GC9A01_Initial
 .text.ClearScreen
                0x0000000008000adc       0x48 ./Core/Src/cg9a01.o
                0x0000000008000adc                ClearScreen
 .text.ClearScreen2
                0x0000000008000b24       0x20 ./Core/Src/cg9a01.o
                0x0000000008000b24                ClearScreen2
 .text.ClearWindow
                0x0000000008000b44      0x136 ./Core/Src/cg9a01.o
                0x0000000008000b44                ClearWindow
 .text.LCD_SetPos
                0x0000000008000c7a       0x80 ./Core/Src/cg9a01.o
                0x0000000008000c7a                LCD_SetPos
 *fill*         0x0000000008000cfa        0x2 
 .text.show_picture
                0x0000000008000cfc       0x58 ./Core/Src/cg9a01.o
                0x0000000008000cfc                show_picture
 .text.show_picture2
                0x0000000008000d54       0xa8 ./Core/Src/cg9a01.o
                0x0000000008000d54                show_picture2
 .text.inversPicData
                0x0000000008000dfc       0x5c ./Core/Src/cg9a01.o
                0x0000000008000dfc                inversPicData
 .text.MX_DMA_Init
                0x0000000008000e58       0x50 ./Core/Src/dma.o
                0x0000000008000e58                MX_DMA_Init
 .text.MX_GPIO_Init
                0x0000000008000ea8       0xa4 ./Core/Src/gpio.o
                0x0000000008000ea8                MX_GPIO_Init
 .text.main     0x0000000008000f4c       0x66 ./Core/Src/main.o
                0x0000000008000f4c                main
 *fill*         0x0000000008000fb2        0x2 
 .text.SystemClock_Config
                0x0000000008000fb4       0xd4 ./Core/Src/main.o
                0x0000000008000fb4                SystemClock_Config
 .text.Error_Handler
                0x0000000008001088        0xa ./Core/Src/main.o
                0x0000000008001088                Error_Handler
 *fill*         0x0000000008001092        0x2 
 .text.MX_SPI1_Init
                0x0000000008001094       0x6c ./Core/Src/spi.o
                0x0000000008001094                MX_SPI1_Init
 .text.HAL_SPI_MspInit
                0x0000000008001100      0x16c ./Core/Src/spi.o
                0x0000000008001100                HAL_SPI_MspInit
 .text.HAL_MspInit
                0x000000000800126c       0x50 ./Core/Src/stm32f4xx_hal_msp.o
                0x000000000800126c                HAL_MspInit
 .text.NMI_Handler
                0x00000000080012bc        0x6 ./Core/Src/stm32f4xx_it.o
                0x00000000080012bc                NMI_Handler
 .text.HardFault_Handler
                0x00000000080012c2        0x6 ./Core/Src/stm32f4xx_it.o
                0x00000000080012c2                HardFault_Handler
 .text.MemManage_Handler
                0x00000000080012c8        0x6 ./Core/Src/stm32f4xx_it.o
                0x00000000080012c8                MemManage_Handler
 .text.BusFault_Handler
                0x00000000080012ce        0x6 ./Core/Src/stm32f4xx_it.o
                0x00000000080012ce                BusFault_Handler
 .text.UsageFault_Handler
                0x00000000080012d4        0x6 ./Core/Src/stm32f4xx_it.o
                0x00000000080012d4                UsageFault_Handler
 .text.SVC_Handler
                0x00000000080012da        0xe ./Core/Src/stm32f4xx_it.o
                0x00000000080012da                SVC_Handler
 .text.DebugMon_Handler
                0x00000000080012e8        0xe ./Core/Src/stm32f4xx_it.o
                0x00000000080012e8                DebugMon_Handler
 .text.PendSV_Handler
                0x00000000080012f6        0xe ./Core/Src/stm32f4xx_it.o
                0x00000000080012f6                PendSV_Handler
 .text.SysTick_Handler
                0x0000000008001304        0xc ./Core/Src/stm32f4xx_it.o
                0x0000000008001304                SysTick_Handler
 .text.SPI1_IRQHandler
                0x0000000008001310       0x14 ./Core/Src/stm32f4xx_it.o
                0x0000000008001310                SPI1_IRQHandler
 .text.DMA2_Stream0_IRQHandler
                0x0000000008001324       0x14 ./Core/Src/stm32f4xx_it.o
                0x0000000008001324                DMA2_Stream0_IRQHandler
 .text.DMA2_Stream3_IRQHandler
                0x0000000008001338       0x14 ./Core/Src/stm32f4xx_it.o
                0x0000000008001338                DMA2_Stream3_IRQHandler
 .text.SystemInit
                0x000000000800134c       0x24 ./Core/Src/system_stm32f4xx.o
                0x000000000800134c                SystemInit
 .text.Reset_Handler
                0x0000000008001370       0x50 ./Core/Startup/startup_stm32f407vetx.o
                0x0000000008001370                Reset_Handler
 .text.Default_Handler
                0x00000000080013c0        0x2 ./Core/Startup/startup_stm32f407vetx.o
                0x00000000080013c0                RTC_Alarm_IRQHandler
                0x00000000080013c0                HASH_RNG_IRQHandler
                0x00000000080013c0                EXTI2_IRQHandler
                0x00000000080013c0                TIM8_CC_IRQHandler
                0x00000000080013c0                TIM1_CC_IRQHandler
                0x00000000080013c0                DMA2_Stream5_IRQHandler
                0x00000000080013c0                DMA1_Stream5_IRQHandler
                0x00000000080013c0                PVD_IRQHandler
                0x00000000080013c0                SDIO_IRQHandler
                0x00000000080013c0                TAMP_STAMP_IRQHandler
                0x00000000080013c0                CAN2_RX1_IRQHandler
                0x00000000080013c0                EXTI3_IRQHandler
                0x00000000080013c0                TIM8_TRG_COM_TIM14_IRQHandler
                0x00000000080013c0                TIM1_UP_TIM10_IRQHandler
                0x00000000080013c0                TIM8_UP_TIM13_IRQHandler
                0x00000000080013c0                I2C3_ER_IRQHandler
                0x00000000080013c0                EXTI0_IRQHandler
                0x00000000080013c0                I2C2_EV_IRQHandler
                0x00000000080013c0                DMA1_Stream2_IRQHandler
                0x00000000080013c0                CAN1_RX0_IRQHandler
                0x00000000080013c0                FPU_IRQHandler
                0x00000000080013c0                OTG_HS_WKUP_IRQHandler
                0x00000000080013c0                CAN2_SCE_IRQHandler
                0x00000000080013c0                DMA2_Stream2_IRQHandler
                0x00000000080013c0                TIM6_DAC_IRQHandler
                0x00000000080013c0                TIM1_BRK_TIM9_IRQHandler
                0x00000000080013c0                DCMI_IRQHandler
                0x00000000080013c0                CAN2_RX0_IRQHandler
                0x00000000080013c0                USART6_IRQHandler
                0x00000000080013c0                USART3_IRQHandler
                0x00000000080013c0                CAN1_RX1_IRQHandler
                0x00000000080013c0                UART5_IRQHandler
                0x00000000080013c0                TIM4_IRQHandler
                0x00000000080013c0                I2C1_EV_IRQHandler
                0x00000000080013c0                DMA1_Stream6_IRQHandler
                0x00000000080013c0                DMA1_Stream1_IRQHandler
                0x00000000080013c0                UART4_IRQHandler
                0x00000000080013c0                TIM3_IRQHandler
                0x00000000080013c0                RCC_IRQHandler
                0x00000000080013c0                TIM8_BRK_TIM12_IRQHandler
                0x00000000080013c0                Default_Handler
                0x00000000080013c0                EXTI15_10_IRQHandler
                0x00000000080013c0                ADC_IRQHandler
                0x00000000080013c0                DMA1_Stream7_IRQHandler
                0x00000000080013c0                TIM7_IRQHandler
                0x00000000080013c0                CAN2_TX_IRQHandler
                0x00000000080013c0                TIM5_IRQHandler
                0x00000000080013c0                DMA2_Stream7_IRQHandler
                0x00000000080013c0                I2C3_EV_IRQHandler
                0x00000000080013c0                EXTI9_5_IRQHandler
                0x00000000080013c0                RTC_WKUP_IRQHandler
                0x00000000080013c0                ETH_WKUP_IRQHandler
                0x00000000080013c0                SPI2_IRQHandler
                0x00000000080013c0                OTG_HS_EP1_IN_IRQHandler
                0x00000000080013c0                DMA1_Stream0_IRQHandler
                0x00000000080013c0                CAN1_TX_IRQHandler
                0x00000000080013c0                EXTI4_IRQHandler
                0x00000000080013c0                FSMC_IRQHandler
                0x00000000080013c0                ETH_IRQHandler
                0x00000000080013c0                OTG_HS_EP1_OUT_IRQHandler
                0x00000000080013c0                WWDG_IRQHandler
                0x00000000080013c0                TIM2_IRQHandler
                0x00000000080013c0                OTG_FS_WKUP_IRQHandler
                0x00000000080013c0                TIM1_TRG_COM_TIM11_IRQHandler
                0x00000000080013c0                OTG_HS_IRQHandler
                0x00000000080013c0                EXTI1_IRQHandler
                0x00000000080013c0                USART2_IRQHandler
                0x00000000080013c0                I2C2_ER_IRQHandler
                0x00000000080013c0                DMA2_Stream1_IRQHandler
                0x00000000080013c0                CAN1_SCE_IRQHandler
                0x00000000080013c0                FLASH_IRQHandler
                0x00000000080013c0                DMA2_Stream4_IRQHandler
                0x00000000080013c0                USART1_IRQHandler
                0x00000000080013c0                OTG_FS_IRQHandler
                0x00000000080013c0                SPI3_IRQHandler
                0x00000000080013c0                DMA1_Stream4_IRQHandler
                0x00000000080013c0                I2C1_ER_IRQHandler
                0x00000000080013c0                DMA2_Stream6_IRQHandler
                0x00000000080013c0                DMA1_Stream3_IRQHandler
 *fill*         0x00000000080013c2        0x2 
 .text.HAL_Init
                0x00000000080013c4       0x44 ./Drivers/STM32F4xx_HAL_Driver/Src/stm32f4xx_hal.o
                0x00000000080013c4                HAL_Init
 .text.HAL_InitTick
                0x0000000008001408       0x60 ./Drivers/STM32F4xx_HAL_Driver/Src/stm32f4xx_hal.o
                0x0000000008001408                HAL_InitTick
 .text.HAL_IncTick
                0x0000000008001468       0x28 ./Drivers/STM32F4xx_HAL_Driver/Src/stm32f4xx_hal.o
                0x0000000008001468                HAL_IncTick
 .text.HAL_GetTick
                0x0000000008001490       0x18 ./Drivers/STM32F4xx_HAL_Driver/Src/stm32f4xx_hal.o
                0x0000000008001490                HAL_GetTick
 .text.HAL_Delay
                0x00000000080014a8       0x48 ./Drivers/STM32F4xx_HAL_Driver/Src/stm32f4xx_hal.o
                0x00000000080014a8                HAL_Delay
 .text.__NVIC_SetPriorityGrouping
                0x00000000080014f0       0x48 ./Drivers/STM32F4xx_HAL_Driver/Src/stm32f4xx_hal_cortex.o
 .text.__NVIC_GetPriorityGrouping
                0x0000000008001538       0x1c ./Drivers/STM32F4xx_HAL_Driver/Src/stm32f4xx_hal_cortex.o
 .text.__NVIC_EnableIRQ
                0x0000000008001554       0x3c ./Drivers/STM32F4xx_HAL_Driver/Src/stm32f4xx_hal_cortex.o
 .text.__NVIC_SetPriority
                0x0000000008001590       0x54 ./Drivers/STM32F4xx_HAL_Driver/Src/stm32f4xx_hal_cortex.o
 .text.NVIC_EncodePriority
                0x00000000080015e4       0x66 ./Drivers/STM32F4xx_HAL_Driver/Src/stm32f4xx_hal_cortex.o
 *fill*         0x000000000800164a        0x2 
 .text.SysTick_Config
                0x000000000800164c       0x44 ./Drivers/STM32F4xx_HAL_Driver/Src/stm32f4xx_hal_cortex.o
 .text.HAL_NVIC_SetPriorityGrouping
                0x0000000008001690       0x16 ./Drivers/STM32F4xx_HAL_Driver/Src/stm32f4xx_hal_cortex.o
                0x0000000008001690                HAL_NVIC_SetPriorityGrouping
 .text.HAL_NVIC_SetPriority
                0x00000000080016a6       0x38 ./Drivers/STM32F4xx_HAL_Driver/Src/stm32f4xx_hal_cortex.o
                0x00000000080016a6                HAL_NVIC_SetPriority
 .text.HAL_NVIC_EnableIRQ
                0x00000000080016de       0x1c ./Drivers/STM32F4xx_HAL_Driver/Src/stm32f4xx_hal_cortex.o
                0x00000000080016de                HAL_NVIC_EnableIRQ
 .text.HAL_SYSTICK_Config
                0x00000000080016fa       0x18 ./Drivers/STM32F4xx_HAL_Driver/Src/stm32f4xx_hal_cortex.o
                0x00000000080016fa                HAL_SYSTICK_Config
 *fill*         0x0000000008001712        0x2 
 .text.HAL_DMA_Init
                0x0000000008001714      0x15c ./Drivers/STM32F4xx_HAL_Driver/Src/stm32f4xx_hal_dma.o
                0x0000000008001714                HAL_DMA_Init
 .text.HAL_DMA_Start_IT
                0x0000000008001870       0xb0 ./Drivers/STM32F4xx_HAL_Driver/Src/stm32f4xx_hal_dma.o
                0x0000000008001870                HAL_DMA_Start_IT
 .text.HAL_DMA_Abort_IT
                0x0000000008001920       0x44 ./Drivers/STM32F4xx_HAL_Driver/Src/stm32f4xx_hal_dma.o
                0x0000000008001920                HAL_DMA_Abort_IT
 .text.HAL_DMA_IRQHandler
                0x0000000008001964      0x314 ./Drivers/STM32F4xx_HAL_Driver/Src/stm32f4xx_hal_dma.o
                0x0000000008001964                HAL_DMA_IRQHandler
 .text.DMA_SetConfig
                0x0000000008001c78       0x5c ./Drivers/STM32F4xx_HAL_Driver/Src/stm32f4xx_hal_dma.o
 .text.DMA_CalcBaseAndBitshift
                0x0000000008001cd4       0x6c ./Drivers/STM32F4xx_HAL_Driver/Src/stm32f4xx_hal_dma.o
 .text.DMA_CheckFifoParam
                0x0000000008001d40       0xf8 ./Drivers/STM32F4xx_HAL_Driver/Src/stm32f4xx_hal_dma.o
 .text.HAL_GPIO_Init
                0x0000000008001e38      0x338 ./Drivers/STM32F4xx_HAL_Driver/Src/stm32f4xx_hal_gpio.o
                0x0000000008001e38                HAL_GPIO_Init
 .text.HAL_GPIO_WritePin
                0x0000000008002170       0x32 ./Drivers/STM32F4xx_HAL_Driver/Src/stm32f4xx_hal_gpio.o
                0x0000000008002170                HAL_GPIO_WritePin
 *fill*         0x00000000080021a2        0x2 
 .text.HAL_RCC_OscConfig
                0x00000000080021a4      0x4f0 ./Drivers/STM32F4xx_HAL_Driver/Src/stm32f4xx_hal_rcc.o
                0x00000000080021a4                HAL_RCC_OscConfig
 .text.HAL_RCC_ClockConfig
                0x0000000008002694      0x1cc ./Drivers/STM32F4xx_HAL_Driver/Src/stm32f4xx_hal_rcc.o
                0x0000000008002694                HAL_RCC_ClockConfig
 .text.HAL_RCC_GetSysClockFreq
                0x0000000008002860      0x20c ./Drivers/STM32F4xx_HAL_Driver/Src/stm32f4xx_hal_rcc.o
                0x0000000008002860                HAL_RCC_GetSysClockFreq
 .text.HAL_SPI_Init
                0x0000000008002a6c      0x112 ./Drivers/STM32F4xx_HAL_Driver/Src/stm32f4xx_hal_spi.o
                0x0000000008002a6c                HAL_SPI_Init
 *fill*         0x0000000008002b7e        0x2 
 .text.HAL_SPI_Transmit_DMA
                0x0000000008002b80      0x16c ./Drivers/STM32F4xx_HAL_Driver/Src/stm32f4xx_hal_spi.o
                0x0000000008002b80                HAL_SPI_Transmit_DMA
 .text.HAL_SPI_IRQHandler
                0x0000000008002cec      0x200 ./Drivers/STM32F4xx_HAL_Driver/Src/stm32f4xx_hal_spi.o
                0x0000000008002cec                HAL_SPI_IRQHandler
 .text.HAL_SPI_TxCpltCallback
                0x0000000008002eec       0x14 ./Drivers/STM32F4xx_HAL_Driver/Src/stm32f4xx_hal_spi.o
                0x0000000008002eec                HAL_SPI_TxCpltCallback
 .text.HAL_SPI_TxHalfCpltCallback
                0x0000000008002f00       0x14 ./Drivers/STM32F4xx_HAL_Driver/Src/stm32f4xx_hal_spi.o
                0x0000000008002f00                HAL_SPI_TxHalfCpltCallback
 .text.HAL_SPI_ErrorCallback
                0x0000000008002f14       0x14 ./Drivers/STM32F4xx_HAL_Driver/Src/stm32f4xx_hal_spi.o
                0x0000000008002f14                HAL_SPI_ErrorCallback
 .text.HAL_SPI_GetState
                0x0000000008002f28       0x1c ./Drivers/STM32F4xx_HAL_Driver/Src/stm32f4xx_hal_spi.o
                0x0000000008002f28                HAL_SPI_GetState
 .text.SPI_DMATransmitCplt
                0x0000000008002f44       0xa8 ./Drivers/STM32F4xx_HAL_Driver/Src/stm32f4xx_hal_spi.o
 .text.SPI_DMAHalfTransmitCplt
                0x0000000008002fec       0x1c ./Drivers/STM32F4xx_HAL_Driver/Src/stm32f4xx_hal_spi.o
 .text.SPI_DMAError
                0x0000000008003008       0x40 ./Drivers/STM32F4xx_HAL_Driver/Src/stm32f4xx_hal_spi.o
 .text.SPI_DMAAbortOnError
                0x0000000008003048       0x28 ./Drivers/STM32F4xx_HAL_Driver/Src/stm32f4xx_hal_spi.o
 .text.SPI_WaitFlagStateUntilTimeout
                0x0000000008003070      0x110 ./Drivers/STM32F4xx_HAL_Driver/Src/stm32f4xx_hal_spi.o
 .text.SPI_EndRxTxTransaction
                0x0000000008003180       0x84 ./Drivers/STM32F4xx_HAL_Driver/Src/stm32f4xx_hal_spi.o
 .text.__libc_init_array
                0x0000000008003204       0x48 c:/st/stm32cubeide_1.10.1/stm32cubeide/plugins/com.st.stm32cube.ide.mcu.externaltools.gnu-tools-for-stm32.10.3-2021.10.win32_1.0.0.202111181127/tools/bin/../lib/gcc/arm-none-eabi/10.3.1/../../../../arm-none-eabi/lib/thumb/v7e-m+fp/hard\libc_nano.a(lib_a-init.o)
                0x0000000008003204                __libc_init_array
 .text.memset   0x000000000800324c       0x10 c:/st/stm32cubeide_1.10.1/stm32cubeide/plugins/com.st.stm32cube.ide.mcu.externaltools.gnu-tools-for-stm32.10.3-2021.10.win32_1.0.0.202111181127/tools/bin/../lib/gcc/arm-none-eabi/10.3.1/../../../../arm-none-eabi/lib/thumb/v7e-m+fp/hard\libc_nano.a(lib_a-memset.o)
                0x000000000800324c                memset
 *(.glue_7)
 .glue_7        0x000000000800325c        0x0 linker stubs
 *(.glue_7t)
 .glue_7t       0x000000000800325c        0x0 linker stubs
 *(.eh_frame)
 .eh_frame      0x000000000800325c        0x0 c:/st/stm32cubeide_1.10.1/stm32cubeide/plugins/com.st.stm32cube.ide.mcu.externaltools.gnu-tools-for-stm32.10.3-2021.10.win32_1.0.0.202111181127/tools/bin/../lib/gcc/arm-none-eabi/10.3.1/thumb/v7e-m+fp/hard/crtbegin.o
 *(.init)
 .init          0x000000000800325c        0x4 c:/st/stm32cubeide_1.10.1/stm32cubeide/plugins/com.st.stm32cube.ide.mcu.externaltools.gnu-tools-for-stm32.10.3-2021.10.win32_1.0.0.202111181127/tools/bin/../lib/gcc/arm-none-eabi/10.3.1/thumb/v7e-m+fp/hard/crti.o
                0x000000000800325c                _init
 .init          0x0000000008003260        0x8 c:/st/stm32cubeide_1.10.1/stm32cubeide/plugins/com.st.stm32cube.ide.mcu.externaltools.gnu-tools-for-stm32.10.3-2021.10.win32_1.0.0.202111181127/tools/bin/../lib/gcc/arm-none-eabi/10.3.1/thumb/v7e-m+fp/hard/crtn.o
 *(.fini)
 .fini          0x0000000008003268        0x4 c:/st/stm32cubeide_1.10.1/stm32cubeide/plugins/com.st.stm32cube.ide.mcu.externaltools.gnu-tools-for-stm32.10.3-2021.10.win32_1.0.0.202111181127/tools/bin/../lib/gcc/arm-none-eabi/10.3.1/thumb/v7e-m+fp/hard/crti.o
                0x0000000008003268                _fini
 .fini          0x000000000800326c        0x8 c:/st/stm32cubeide_1.10.1/stm32cubeide/plugins/com.st.stm32cube.ide.mcu.externaltools.gnu-tools-for-stm32.10.3-2021.10.win32_1.0.0.202111181127/tools/bin/../lib/gcc/arm-none-eabi/10.3.1/thumb/v7e-m+fp/hard/crtn.o
                0x0000000008003274                . = ALIGN (0x4)
                0x0000000008003274                _etext = .

.vfp11_veneer   0x0000000008003274        0x0
 .vfp11_veneer  0x0000000008003274        0x0 linker stubs

.v4_bx          0x0000000008003274        0x0
 .v4_bx         0x0000000008003274        0x0 linker stubs

.iplt           0x0000000008003274        0x0
 .iplt          0x0000000008003274        0x0 c:/st/stm32cubeide_1.10.1/stm32cubeide/plugins/com.st.stm32cube.ide.mcu.externaltools.gnu-tools-for-stm32.10.3-2021.10.win32_1.0.0.202111181127/tools/bin/../lib/gcc/arm-none-eabi/10.3.1/thumb/v7e-m+fp/hard/crtbegin.o

.rodata         0x0000000008003274       0x18
                0x0000000008003274                . = ALIGN (0x4)
 *(.rodata)
 *(.rodata*)
 .rodata.AHBPrescTable
                0x0000000008003274       0x10 ./Core/Src/system_stm32f4xx.o
                0x0000000008003274                AHBPrescTable
 .rodata.flagBitshiftOffset.0
                0x0000000008003284        0x8 ./Drivers/STM32F4xx_HAL_Driver/Src/stm32f4xx_hal_dma.o
                0x000000000800328c                . = ALIGN (0x4)

.ARM.extab      0x000000000800328c        0x0
                0x000000000800328c                . = ALIGN (0x4)
 *(.ARM.extab* .gnu.linkonce.armextab.*)
                0x000000000800328c                . = ALIGN (0x4)

.ARM            0x000000000800328c        0x8
                0x000000000800328c                . = ALIGN (0x4)
                0x000000000800328c                __exidx_start = .
 *(.ARM.exidx*)
 .ARM.exidx     0x000000000800328c        0x8 c:/st/stm32cubeide_1.10.1/stm32cubeide/plugins/com.st.stm32cube.ide.mcu.externaltools.gnu-tools-for-stm32.10.3-2021.10.win32_1.0.0.202111181127/tools/bin/../lib/gcc/arm-none-eabi/10.3.1/thumb/v7e-m+fp/hard\libgcc.a(_udivmoddi4.o)
                0x0000000008003294                __exidx_end = .
                0x0000000008003294                . = ALIGN (0x4)

.rel.dyn        0x0000000008003294        0x0
 .rel.iplt      0x0000000008003294        0x0 c:/st/stm32cubeide_1.10.1/stm32cubeide/plugins/com.st.stm32cube.ide.mcu.externaltools.gnu-tools-for-stm32.10.3-2021.10.win32_1.0.0.202111181127/tools/bin/../lib/gcc/arm-none-eabi/10.3.1/thumb/v7e-m+fp/hard/crtbegin.o

.preinit_array  0x0000000008003294        0x0
                0x0000000008003294                . = ALIGN (0x4)
                0x0000000008003294                PROVIDE (__preinit_array_start = .)
 *(.preinit_array*)
                0x0000000008003294                PROVIDE (__preinit_array_end = .)
                0x0000000008003294                . = ALIGN (0x4)

.init_array     0x0000000008003294        0x4
                0x0000000008003294                . = ALIGN (0x4)
                0x0000000008003294                PROVIDE (__init_array_start = .)
 *(SORT_BY_NAME(.init_array.*))
 *(.init_array*)
 .init_array    0x0000000008003294        0x4 c:/st/stm32cubeide_1.10.1/stm32cubeide/plugins/com.st.stm32cube.ide.mcu.externaltools.gnu-tools-for-stm32.10.3-2021.10.win32_1.0.0.202111181127/tools/bin/../lib/gcc/arm-none-eabi/10.3.1/thumb/v7e-m+fp/hard/crtbegin.o
                0x0000000008003298                PROVIDE (__init_array_end = .)
                0x0000000008003298                . = ALIGN (0x4)

.fini_array     0x0000000008003298        0x4
                0x0000000008003298                . = ALIGN (0x4)
                [!provide]                        PROVIDE (__fini_array_start = .)
 *(SORT_BY_NAME(.fini_array.*))
 *(.fini_array*)
 .fini_array    0x0000000008003298        0x4 c:/st/stm32cubeide_1.10.1/stm32cubeide/plugins/com.st.stm32cube.ide.mcu.externaltools.gnu-tools-for-stm32.10.3-2021.10.win32_1.0.0.202111181127/tools/bin/../lib/gcc/arm-none-eabi/10.3.1/thumb/v7e-m+fp/hard/crtbegin.o
                [!provide]                        PROVIDE (__fini_array_end = .)
                0x000000000800329c                . = ALIGN (0x4)
                0x000000000800329c                _sidata = LOADADDR (.data)

.data           0x0000000020000000     0x960c load address 0x000000000800329c
                0x0000000020000000                . = ALIGN (0x4)
                0x0000000020000000                _sdata = .
 *(.data)
 *(.data*)
 .data.pic      0x0000000020000000     0x9600 ./Core/Src/cg9a01.o
                0x0000000020000000                pic
 .data.SystemCoreClock
                0x0000000020009600        0x4 ./Core/Src/system_stm32f4xx.o
                0x0000000020009600                SystemCoreClock
 .data.uwTickPrio
                0x0000000020009604        0x4 ./Drivers/STM32F4xx_HAL_Driver/Src/stm32f4xx_hal.o
                0x0000000020009604                uwTickPrio
 .data.uwTickFreq
                0x0000000020009608        0x1 ./Drivers/STM32F4xx_HAL_Driver/Src/stm32f4xx_hal.o
                0x0000000020009608                uwTickFreq
 *(.RamFunc)
 *(.RamFunc*)
                0x000000002000960c                . = ALIGN (0x4)
 *fill*         0x0000000020009609        0x3 
                0x000000002000960c                _edata = .
                0x000000000800c8a8                _siccmram = LOADADDR (.ccmram)

.igot.plt       0x000000002000960c        0x0 load address 0x000000000800c8a8
 .igot.plt      0x000000002000960c        0x0 c:/st/stm32cubeide_1.10.1/stm32cubeide/plugins/com.st.stm32cube.ide.mcu.externaltools.gnu-tools-for-stm32.10.3-2021.10.win32_1.0.0.202111181127/tools/bin/../lib/gcc/arm-none-eabi/10.3.1/thumb/v7e-m+fp/hard/crtbegin.o

.ccmram         0x0000000010000000        0x0 load address 0x000000000800c8a8
                0x0000000010000000                . = ALIGN (0x4)
                0x0000000010000000                _sccmram = .
 *(.ccmram)
 *(.ccmram*)
                0x0000000010000000                . = ALIGN (0x4)
                0x0000000010000000                _eccmram = .
                0x0000000010000000                . = ALIGN (0x4)

.bss            0x000000002000960c      0x138
                0x000000002000960c                _sbss = .
                0x000000002000960c                __bss_start__ = _sbss
 *(.bss)
 .bss           0x000000002000960c       0x1c c:/st/stm32cubeide_1.10.1/stm32cubeide/plugins/com.st.stm32cube.ide.mcu.externaltools.gnu-tools-for-stm32.10.3-2021.10.win32_1.0.0.202111181127/tools/bin/../lib/gcc/arm-none-eabi/10.3.1/thumb/v7e-m+fp/hard/crtbegin.o
 *(.bss*)
 .bss.hspi1     0x0000000020009628       0x58 ./Core/Src/spi.o
                0x0000000020009628                hspi1
 .bss.hdma_spi1_tx
                0x0000000020009680       0x60 ./Core/Src/spi.o
                0x0000000020009680                hdma_spi1_tx
 .bss.hdma_spi1_rx
                0x00000000200096e0       0x60 ./Core/Src/spi.o
                0x00000000200096e0                hdma_spi1_rx
 .bss.uwTick    0x0000000020009740        0x4 ./Drivers/STM32F4xx_HAL_Driver/Src/stm32f4xx_hal.o
                0x0000000020009740                uwTick
 *(COMMON)
                0x0000000020009744                . = ALIGN (0x4)
                0x0000000020009744                _ebss = .
                0x0000000020009744                __bss_end__ = _ebss

._user_heap_stack
                0x0000000020009744      0x604
                0x0000000020009748                . = ALIGN (0x8)
 *fill*         0x0000000020009744        0x4 
                [!provide]                        PROVIDE (end = .)
                0x0000000020009748                PROVIDE (_end = .)
                0x0000000020009948                . = (. + _Min_Heap_Size)
 *fill*         0x0000000020009748      0x200 
                0x0000000020009d48                . = (. + _Min_Stack_Size)
 *fill*         0x0000000020009948      0x400 
                0x0000000020009d48                . = ALIGN (0x8)

/DISCARD/
 libc.a(*)
 libm.a(*)
 libgcc.a(*)

.ARM.attributes
                0x0000000000000000       0x30
 *(.ARM.attributes)
 .ARM.attributes
                0x0000000000000000       0x1e c:/st/stm32cubeide_1.10.1/stm32cubeide/plugins/com.st.stm32cube.ide.mcu.externaltools.gnu-tools-for-stm32.10.3-2021.10.win32_1.0.0.202111181127/tools/bin/../lib/gcc/arm-none-eabi/10.3.1/thumb/v7e-m+fp/hard/crti.o
 .ARM.attributes
                0x000000000000001e       0x34 c:/st/stm32cubeide_1.10.1/stm32cubeide/plugins/com.st.stm32cube.ide.mcu.externaltools.gnu-tools-for-stm32.10.3-2021.10.win32_1.0.0.202111181127/tools/bin/../lib/gcc/arm-none-eabi/10.3.1/thumb/v7e-m+fp/hard/crtbegin.o
 .ARM.attributes
                0x0000000000000052       0x34 ./Core/Src/cg9a01.o
 .ARM.attributes
                0x0000000000000086       0x34 ./Core/Src/dma.o
 .ARM.attributes
                0x00000000000000ba       0x34 ./Core/Src/gpio.o
 .ARM.attributes
                0x00000000000000ee       0x34 ./Core/Src/main.o
 .ARM.attributes
                0x0000000000000122       0x34 ./Core/Src/spi.o
 .ARM.attributes
                0x0000000000000156       0x34 ./Core/Src/stm32f4xx_hal_msp.o
 .ARM.attributes
                0x000000000000018a       0x34 ./Core/Src/stm32f4xx_it.o
 .ARM.attributes
                0x00000000000001be       0x34 ./Core/Src/system_stm32f4xx.o
 .ARM.attributes
                0x00000000000001f2       0x21 ./Core/Startup/startup_stm32f407vetx.o
 .ARM.attributes
                0x0000000000000213       0x34 ./Drivers/STM32F4xx_HAL_Driver/Src/stm32f4xx_hal.o
 .ARM.attributes
                0x0000000000000247       0x34 ./Drivers/STM32F4xx_HAL_Driver/Src/stm32f4xx_hal_cortex.o
 .ARM.attributes
                0x000000000000027b       0x34 ./Drivers/STM32F4xx_HAL_Driver/Src/stm32f4xx_hal_dma.o
 .ARM.attributes
                0x00000000000002af       0x34 ./Drivers/STM32F4xx_HAL_Driver/Src/stm32f4xx_hal_gpio.o
 .ARM.attributes
                0x00000000000002e3       0x34 ./Drivers/STM32F4xx_HAL_Driver/Src/stm32f4xx_hal_rcc.o
 .ARM.attributes
                0x0000000000000317       0x34 ./Drivers/STM32F4xx_HAL_Driver/Src/stm32f4xx_hal_spi.o
 .ARM.attributes
                0x000000000000034b       0x34 c:/st/stm32cubeide_1.10.1/stm32cubeide/plugins/com.st.stm32cube.ide.mcu.externaltools.gnu-tools-for-stm32.10.3-2021.10.win32_1.0.0.202111181127/tools/bin/../lib/gcc/arm-none-eabi/10.3.1/../../../../arm-none-eabi/lib/thumb/v7e-m+fp/hard\libc_nano.a(lib_a-init.o)
 .ARM.attributes
                0x000000000000037f       0x34 c:/st/stm32cubeide_1.10.1/stm32cubeide/plugins/com.st.stm32cube.ide.mcu.externaltools.gnu-tools-for-stm32.10.3-2021.10.win32_1.0.0.202111181127/tools/bin/../lib/gcc/arm-none-eabi/10.3.1/../../../../arm-none-eabi/lib/thumb/v7e-m+fp/hard\libc_nano.a(lib_a-memset.o)
 .ARM.attributes
                0x00000000000003b3       0x1e c:/st/stm32cubeide_1.10.1/stm32cubeide/plugins/com.st.stm32cube.ide.mcu.externaltools.gnu-tools-for-stm32.10.3-2021.10.win32_1.0.0.202111181127/tools/bin/../lib/gcc/arm-none-eabi/10.3.1/thumb/v7e-m+fp/hard\libgcc.a(_aeabi_uldivmod.o)
 .ARM.attributes
                0x00000000000003d1       0x34 c:/st/stm32cubeide_1.10.1/stm32cubeide/plugins/com.st.stm32cube.ide.mcu.externaltools.gnu-tools-for-stm32.10.3-2021.10.win32_1.0.0.202111181127/tools/bin/../lib/gcc/arm-none-eabi/10.3.1/thumb/v7e-m+fp/hard\libgcc.a(_udivmoddi4.o)
 .ARM.attributes
                0x0000000000000405       0x1e c:/st/stm32cubeide_1.10.1/stm32cubeide/plugins/com.st.stm32cube.ide.mcu.externaltools.gnu-tools-for-stm32.10.3-2021.10.win32_1.0.0.202111181127/tools/bin/../lib/gcc/arm-none-eabi/10.3.1/thumb/v7e-m+fp/hard\libgcc.a(_dvmd_tls.o)
 .ARM.attributes
                0x0000000000000423       0x1e c:/st/stm32cubeide_1.10.1/stm32cubeide/plugins/com.st.stm32cube.ide.mcu.externaltools.gnu-tools-for-stm32.10.3-2021.10.win32_1.0.0.202111181127/tools/bin/../lib/gcc/arm-none-eabi/10.3.1/thumb/v7e-m+fp/hard/crtn.o
OUTPUT(STM32F4-CG9A01-T001.elf elf32-littlearm)
LOAD linker stubs
LOAD c:/st/stm32cubeide_1.10.1/stm32cubeide/plugins/com.st.stm32cube.ide.mcu.externaltools.gnu-tools-for-stm32.10.3-2021.10.win32_1.0.0.202111181127/tools/bin/../lib/gcc/arm-none-eabi/10.3.1/../../../../arm-none-eabi/lib/thumb/v7e-m+fp/hard\libc.a
LOAD c:/st/stm32cubeide_1.10.1/stm32cubeide/plugins/com.st.stm32cube.ide.mcu.externaltools.gnu-tools-for-stm32.10.3-2021.10.win32_1.0.0.202111181127/tools/bin/../lib/gcc/arm-none-eabi/10.3.1/../../../../arm-none-eabi/lib/thumb/v7e-m+fp/hard\libm.a
LOAD c:/st/stm32cubeide_1.10.1/stm32cubeide/plugins/com.st.stm32cube.ide.mcu.externaltools.gnu-tools-for-stm32.10.3-2021.10.win32_1.0.0.202111181127/tools/bin/../lib/gcc/arm-none-eabi/10.3.1/thumb/v7e-m+fp/hard\libgcc.a

.debug_info     0x0000000000000000     0x8352
 .debug_info    0x0000000000000000      0xfd3 ./Core/Src/cg9a01.o
 .debug_info    0x0000000000000fd3      0x4ec ./Core/Src/dma.o
 .debug_info    0x00000000000014bf      0x454 ./Core/Src/gpio.o
 .debug_info    0x0000000000001913      0x594 ./Core/Src/main.o
 .debug_info    0x0000000000001ea7      0xcb1 ./Core/Src/spi.o
 .debug_info    0x0000000000002b58      0x2a8 ./Core/Src/stm32f4xx_hal_msp.o
 .debug_info    0x0000000000002e00      0x6ff ./Core/Src/stm32f4xx_it.o
 .debug_info    0x00000000000034ff      0x523 ./Core/Src/system_stm32f4xx.o
 .debug_info    0x0000000000003a22       0x22 ./Core/Startup/startup_stm32f407vetx.o
 .debug_info    0x0000000000003a44      0x97c ./Drivers/STM32F4xx_HAL_Driver/Src/stm32f4xx_hal.o
 .debug_info    0x00000000000043c0      0xe1b ./Drivers/STM32F4xx_HAL_Driver/Src/stm32f4xx_hal_cortex.o
 .debug_info    0x00000000000051db      0x94f ./Drivers/STM32F4xx_HAL_Driver/Src/stm32f4xx_hal_dma.o
 .debug_info    0x0000000000005b2a      0x76a ./Drivers/STM32F4xx_HAL_Driver/Src/stm32f4xx_hal_gpio.o
 .debug_info    0x0000000000006294      0x966 ./Drivers/STM32F4xx_HAL_Driver/Src/stm32f4xx_hal_rcc.o
 .debug_info    0x0000000000006bfa     0x1758 ./Drivers/STM32F4xx_HAL_Driver/Src/stm32f4xx_hal_spi.o

.debug_abbrev   0x0000000000000000     0x1ac0
 .debug_abbrev  0x0000000000000000      0x2b8 ./Core/Src/cg9a01.o
 .debug_abbrev  0x00000000000002b8      0x10a ./Core/Src/dma.o
 .debug_abbrev  0x00000000000003c2      0x146 ./Core/Src/gpio.o
 .debug_abbrev  0x0000000000000508      0x1e1 ./Core/Src/main.o
 .debug_abbrev  0x00000000000006e9      0x211 ./Core/Src/spi.o
 .debug_abbrev  0x00000000000008fa       0xd4 ./Core/Src/stm32f4xx_hal_msp.o
 .debug_abbrev  0x00000000000009ce      0x170 ./Core/Src/stm32f4xx_it.o
 .debug_abbrev  0x0000000000000b3e      0x116 ./Core/Src/system_stm32f4xx.o
 .debug_abbrev  0x0000000000000c54       0x12 ./Core/Startup/startup_stm32f407vetx.o
 .debug_abbrev  0x0000000000000c66      0x20d ./Drivers/STM32F4xx_HAL_Driver/Src/stm32f4xx_hal.o
 .debug_abbrev  0x0000000000000e73      0x316 ./Drivers/STM32F4xx_HAL_Driver/Src/stm32f4xx_hal_cortex.o
 .debug_abbrev  0x0000000000001189      0x25b ./Drivers/STM32F4xx_HAL_Driver/Src/stm32f4xx_hal_dma.o
 .debug_abbrev  0x00000000000013e4      0x1c4 ./Drivers/STM32F4xx_HAL_Driver/Src/stm32f4xx_hal_gpio.o
 .debug_abbrev  0x00000000000015a8      0x2aa ./Drivers/STM32F4xx_HAL_Driver/Src/stm32f4xx_hal_rcc.o
 .debug_abbrev  0x0000000000001852      0x26e ./Drivers/STM32F4xx_HAL_Driver/Src/stm32f4xx_hal_spi.o

.debug_aranges  0x0000000000000000      0x798
 .debug_aranges
                0x0000000000000000       0xc8 ./Core/Src/cg9a01.o
 .debug_aranges
                0x00000000000000c8       0x20 ./Core/Src/dma.o
 .debug_aranges
                0x00000000000000e8       0x20 ./Core/Src/gpio.o
 .debug_aranges
                0x0000000000000108       0x30 ./Core/Src/main.o
 .debug_aranges
                0x0000000000000138       0x30 ./Core/Src/spi.o
 .debug_aranges
                0x0000000000000168       0x20 ./Core/Src/stm32f4xx_hal_msp.o
 .debug_aranges
                0x0000000000000188       0x78 ./Core/Src/stm32f4xx_it.o
 .debug_aranges
                0x0000000000000200       0x28 ./Core/Src/system_stm32f4xx.o
 .debug_aranges
                0x0000000000000228       0x28 ./Core/Startup/startup_stm32f407vetx.o
 .debug_aranges
                0x0000000000000250       0xf0 ./Drivers/STM32F4xx_HAL_Driver/Src/stm32f4xx_hal.o
 .debug_aranges
                0x0000000000000340      0x118 ./Drivers/STM32F4xx_HAL_Driver/Src/stm32f4xx_hal_cortex.o
 .debug_aranges
                0x0000000000000458       0x90 ./Drivers/STM32F4xx_HAL_Driver/Src/stm32f4xx_hal_dma.o
 .debug_aranges
                0x00000000000004e8       0x58 ./Drivers/STM32F4xx_HAL_Driver/Src/stm32f4xx_hal_gpio.o
 .debug_aranges
                0x0000000000000540       0x88 ./Drivers/STM32F4xx_HAL_Driver/Src/stm32f4xx_hal_rcc.o
 .debug_aranges
                0x00000000000005c8      0x1d0 ./Drivers/STM32F4xx_HAL_Driver/Src/stm32f4xx_hal_spi.o

.debug_ranges   0x0000000000000000      0x6b0
 .debug_ranges  0x0000000000000000       0xb8 ./Core/Src/cg9a01.o
 .debug_ranges  0x00000000000000b8       0x10 ./Core/Src/dma.o
 .debug_ranges  0x00000000000000c8       0x10 ./Core/Src/gpio.o
 .debug_ranges  0x00000000000000d8       0x20 ./Core/Src/main.o
 .debug_ranges  0x00000000000000f8       0x20 ./Core/Src/spi.o
 .debug_ranges  0x0000000000000118       0x10 ./Core/Src/stm32f4xx_hal_msp.o
 .debug_ranges  0x0000000000000128       0x68 ./Core/Src/stm32f4xx_it.o
 .debug_ranges  0x0000000000000190       0x18 ./Core/Src/system_stm32f4xx.o
 .debug_ranges  0x00000000000001a8       0x20 ./Core/Startup/startup_stm32f407vetx.o
 .debug_ranges  0x00000000000001c8       0xe0 ./Drivers/STM32F4xx_HAL_Driver/Src/stm32f4xx_hal.o
 .debug_ranges  0x00000000000002a8      0x108 ./Drivers/STM32F4xx_HAL_Driver/Src/stm32f4xx_hal_cortex.o
 .debug_ranges  0x00000000000003b0       0x80 ./Drivers/STM32F4xx_HAL_Driver/Src/stm32f4xx_hal_dma.o
 .debug_ranges  0x0000000000000430       0x48 ./Drivers/STM32F4xx_HAL_Driver/Src/stm32f4xx_hal_gpio.o
 .debug_ranges  0x0000000000000478       0x78 ./Drivers/STM32F4xx_HAL_Driver/Src/stm32f4xx_hal_rcc.o
 .debug_ranges  0x00000000000004f0      0x1c0 ./Drivers/STM32F4xx_HAL_Driver/Src/stm32f4xx_hal_spi.o

.debug_macro    0x0000000000000000    0x1fc89
 .debug_macro   0x0000000000000000      0x20e ./Core/Src/cg9a01.o
 .debug_macro   0x000000000000020e      0xa78 ./Core/Src/cg9a01.o
 .debug_macro   0x0000000000000c86      0x162 ./Core/Src/cg9a01.o
 .debug_macro   0x0000000000000de8      0x295 ./Core/Src/cg9a01.o
 .debug_macro   0x000000000000107d       0x2e ./Core/Src/cg9a01.o
 .debug_macro   0x00000000000010ab       0x2f ./Core/Src/cg9a01.o
 .debug_macro   0x00000000000010da       0x22 ./Core/Src/cg9a01.o
 .debug_macro   0x00000000000010fc       0x8e ./Core/Src/cg9a01.o
 .debug_macro   0x000000000000118a       0x51 ./Core/Src/cg9a01.o
 .debug_macro   0x00000000000011db      0x103 ./Core/Src/cg9a01.o
 .debug_macro   0x00000000000012de       0x6a ./Core/Src/cg9a01.o
 .debug_macro   0x0000000000001348      0x1df ./Core/Src/cg9a01.o
 .debug_macro   0x0000000000001527       0x1c ./Core/Src/cg9a01.o
 .debug_macro   0x0000000000001543       0x22 ./Core/Src/cg9a01.o
 .debug_macro   0x0000000000001565       0xd9 ./Core/Src/cg9a01.o
 .debug_macro   0x000000000000163e     0x102d ./Core/Src/cg9a01.o
 .debug_macro   0x000000000000266b      0x11f ./Core/Src/cg9a01.o
 .debug_macro   0x000000000000278a    0x15e82 ./Core/Src/cg9a01.o
 .debug_macro   0x000000000001860c       0x6d ./Core/Src/cg9a01.o
 .debug_macro   0x0000000000018679     0x367e ./Core/Src/cg9a01.o
 .debug_macro   0x000000000001bcf7      0x174 ./Core/Src/cg9a01.o
 .debug_macro   0x000000000001be6b       0x5c ./Core/Src/cg9a01.o
 .debug_macro   0x000000000001bec7      0x96b ./Core/Src/cg9a01.o
 .debug_macro   0x000000000001c832      0x9fe ./Core/Src/cg9a01.o
 .debug_macro   0x000000000001d230      0x115 ./Core/Src/cg9a01.o
 .debug_macro   0x000000000001d345      0x13e ./Core/Src/cg9a01.o
 .debug_macro   0x000000000001d483       0xa5 ./Core/Src/cg9a01.o
 .debug_macro   0x000000000001d528      0x174 ./Core/Src/cg9a01.o
 .debug_macro   0x000000000001d69c      0x287 ./Core/Src/cg9a01.o
 .debug_macro   0x000000000001d923       0x5f ./Core/Src/cg9a01.o
 .debug_macro   0x000000000001d982      0x236 ./Core/Src/cg9a01.o
 .debug_macro   0x000000000001dbb8      0x12c ./Core/Src/cg9a01.o
 .debug_macro   0x000000000001dce4      0x21e ./Core/Src/cg9a01.o
 .debug_macro   0x000000000001df02       0x2e ./Core/Src/cg9a01.o
 .debug_macro   0x000000000001df30      0x11a ./Core/Src/cg9a01.o
 .debug_macro   0x000000000001e04a       0x7e ./Core/Src/cg9a01.o
 .debug_macro   0x000000000001e0c8       0x89 ./Core/Src/cg9a01.o
 .debug_macro   0x000000000001e151      0x225 ./Core/Src/cg9a01.o
 .debug_macro   0x000000000001e376      0x12d ./Core/Src/cg9a01.o
 .debug_macro   0x000000000001e4a3       0x28 ./Core/Src/cg9a01.o
 .debug_macro   0x000000000001e4cb      0x1d3 ./Core/Src/dma.o
 .debug_macro   0x000000000001e69e      0x1d3 ./Core/Src/gpio.o
 .debug_macro   0x000000000001e871      0x1f4 ./Core/Src/main.o
 .debug_macro   0x000000000001ea65      0x1d3 ./Core/Src/spi.o
 .debug_macro   0x000000000001ec38      0x1c9 ./Core/Src/stm32f4xx_hal_msp.o
 .debug_macro   0x000000000001ee01      0x1d3 ./Core/Src/stm32f4xx_it.o
 .debug_macro   0x000000000001efd4      0x1ba ./Core/Src/system_stm32f4xx.o
 .debug_macro   0x000000000001f18e      0x21a ./Drivers/STM32F4xx_HAL_Driver/Src/stm32f4xx_hal.o
 .debug_macro   0x000000000001f3a8      0x1ba ./Drivers/STM32F4xx_HAL_Driver/Src/stm32f4xx_hal_cortex.o
 .debug_macro   0x000000000001f562      0x1c0 ./Drivers/STM32F4xx_HAL_Driver/Src/stm32f4xx_hal_dma.o
 .debug_macro   0x000000000001f722      0x1c0 ./Drivers/STM32F4xx_HAL_Driver/Src/stm32f4xx_hal_gpio.o
 .debug_macro   0x000000000001f8e2      0x1de ./Drivers/STM32F4xx_HAL_Driver/Src/stm32f4xx_hal_rcc.o
 .debug_macro   0x000000000001fac0      0x1c9 ./Drivers/STM32F4xx_HAL_Driver/Src/stm32f4xx_hal_spi.o

.debug_line     0x0000000000000000     0x978b
 .debug_line    0x0000000000000000      0xde6 ./Core/Src/cg9a01.o
 .debug_line    0x0000000000000de6      0x687 ./Core/Src/dma.o
 .debug_line    0x000000000000146d      0x698 ./Core/Src/gpio.o
 .debug_line    0x0000000000001b05      0x756 ./Core/Src/main.o
 .debug_line    0x000000000000225b      0x74d ./Core/Src/spi.o
 .debug_line    0x00000000000029a8      0x689 ./Core/Src/stm32f4xx_hal_msp.o
 .debug_line    0x0000000000003031      0x794 ./Core/Src/stm32f4xx_it.o
 .debug_line    0x00000000000037c5      0x70b ./Core/Src/system_stm32f4xx.o
 .debug_line    0x0000000000003ed0       0x88 ./Core/Startup/startup_stm32f407vetx.o
 .debug_line    0x0000000000003f58      0x971 ./Drivers/STM32F4xx_HAL_Driver/Src/stm32f4xx_hal.o
 .debug_line    0x00000000000048c9      0xc20 ./Drivers/STM32F4xx_HAL_Driver/Src/stm32f4xx_hal_cortex.o
 .debug_line    0x00000000000054e9      0xed5 ./Drivers/STM32F4xx_HAL_Driver/Src/stm32f4xx_hal_dma.o
 .debug_line    0x00000000000063be      0xae5 ./Drivers/STM32F4xx_HAL_Driver/Src/stm32f4xx_hal_gpio.o
 .debug_line    0x0000000000006ea3      0xced ./Drivers/STM32F4xx_HAL_Driver/Src/stm32f4xx_hal_rcc.o
 .debug_line    0x0000000000007b90     0x1bfb ./Drivers/STM32F4xx_HAL_Driver/Src/stm32f4xx_hal_spi.o

.debug_str      0x0000000000000000    0xbe83c
 .debug_str     0x0000000000000000    0xbc86a ./Core/Src/cg9a01.o
                                      0xbcb4c (size before relaxing)
 .debug_str     0x00000000000bc86a      0x62a ./Core/Src/dma.o
                                      0xbc4a8 (size before relaxing)
 .debug_str     0x00000000000bce94       0x70 ./Core/Src/gpio.o
                                      0xbc056 (size before relaxing)
 .debug_str     0x00000000000bcf04      0x198 ./Core/Src/main.o
                                      0xbc5b0 (size before relaxing)
 .debug_str     0x00000000000bd09c       0xa5 ./Core/Src/spi.o
                                      0xbca4c (size before relaxing)
 .debug_str     0x00000000000bd141       0x2c ./Core/Src/stm32f4xx_hal_msp.o
                                      0xbbf8b (size before relaxing)
 .debug_str     0x00000000000bd16d      0x12f ./Core/Src/stm32f4xx_it.o
                                      0xbc3f9 (size before relaxing)
 .debug_str     0x00000000000bd29c       0xdb ./Core/Src/system_stm32f4xx.o
                                      0xbbfb2 (size before relaxing)
 .debug_str     0x00000000000bd377       0x36 ./Core/Startup/startup_stm32f407vetx.o
                                         0x72 (size before relaxing)
 .debug_str     0x00000000000bd3ad      0x603 ./Drivers/STM32F4xx_HAL_Driver/Src/stm32f4xx_hal.o
                                      0xbcb36 (size before relaxing)
 .debug_str     0x00000000000bd9b0      0x32d ./Drivers/STM32F4xx_HAL_Driver/Src/stm32f4xx_hal_cortex.o
                                      0xbc869 (size before relaxing)
 .debug_str     0x00000000000bdcdd      0x2eb ./Drivers/STM32F4xx_HAL_Driver/Src/stm32f4xx_hal_dma.o
                                      0xbc3cc (size before relaxing)
 .debug_str     0x00000000000bdfc8      0x11c ./Drivers/STM32F4xx_HAL_Driver/Src/stm32f4xx_hal_gpio.o
                                      0xbc12d (size before relaxing)
 .debug_str     0x00000000000be0e4      0x233 ./Drivers/STM32F4xx_HAL_Driver/Src/stm32f4xx_hal_rcc.o
                                      0xbc3e6 (size before relaxing)
 .debug_str     0x00000000000be317      0x525 ./Drivers/STM32F4xx_HAL_Driver/Src/stm32f4xx_hal_spi.o
                                      0xbc876 (size before relaxing)

.comment        0x0000000000000000       0x50
 .comment       0x0000000000000000       0x50 ./Core/Src/cg9a01.o
                                         0x51 (size before relaxing)
 .comment       0x0000000000000050       0x51 ./Core/Src/dma.o
 .comment       0x0000000000000050       0x51 ./Core/Src/gpio.o
 .comment       0x0000000000000050       0x51 ./Core/Src/main.o
 .comment       0x0000000000000050       0x51 ./Core/Src/spi.o
 .comment       0x0000000000000050       0x51 ./Core/Src/stm32f4xx_hal_msp.o
 .comment       0x0000000000000050       0x51 ./Core/Src/stm32f4xx_it.o
 .comment       0x0000000000000050       0x51 ./Core/Src/system_stm32f4xx.o
 .comment       0x0000000000000050       0x51 ./Drivers/STM32F4xx_HAL_Driver/Src/stm32f4xx_hal.o
 .comment       0x0000000000000050       0x51 ./Drivers/STM32F4xx_HAL_Driver/Src/stm32f4xx_hal_cortex.o
 .comment       0x0000000000000050       0x51 ./Drivers/STM32F4xx_HAL_Driver/Src/stm32f4xx_hal_dma.o
 .comment       0x0000000000000050       0x51 ./Drivers/STM32F4xx_HAL_Driver/Src/stm32f4xx_hal_gpio.o
 .comment       0x0000000000000050       0x51 ./Drivers/STM32F4xx_HAL_Driver/Src/stm32f4xx_hal_rcc.o
 .comment       0x0000000000000050       0x51 ./Drivers/STM32F4xx_HAL_Driver/Src/stm32f4xx_hal_spi.o

.debug_frame    0x0000000000000000     0x1ccc
 .debug_frame   0x0000000000000000      0x330 ./Core/Src/cg9a01.o
 .debug_frame   0x0000000000000330       0x34 ./Core/Src/dma.o
 .debug_frame   0x0000000000000364       0x34 ./Core/Src/gpio.o
 .debug_frame   0x0000000000000398       0x6c ./Core/Src/main.o
 .debug_frame   0x0000000000000404       0x74 ./Core/Src/spi.o
 .debug_frame   0x0000000000000478       0x38 ./Core/Src/stm32f4xx_hal_msp.o
 .debug_frame   0x00000000000004b0      0x158 ./Core/Src/stm32f4xx_it.o
 .debug_frame   0x0000000000000608       0x58 ./Core/Src/system_stm32f4xx.o
 .debug_frame   0x0000000000000660      0x374 ./Drivers/STM32F4xx_HAL_Driver/Src/stm32f4xx_hal.o
 .debug_frame   0x00000000000009d4      0x498 ./Drivers/STM32F4xx_HAL_Driver/Src/stm32f4xx_hal_cortex.o
 .debug_frame   0x0000000000000e6c      0x250 ./Drivers/STM32F4xx_HAL_Driver/Src/stm32f4xx_hal_dma.o
 .debug_frame   0x00000000000010bc      0x14c ./Drivers/STM32F4xx_HAL_Driver/Src/stm32f4xx_hal_gpio.o
 .debug_frame   0x0000000000001208      0x1f4 ./Drivers/STM32F4xx_HAL_Driver/Src/stm32f4xx_hal_rcc.o
 .debug_frame   0x00000000000013fc      0x824 ./Drivers/STM32F4xx_HAL_Driver/Src/stm32f4xx_hal_spi.o
 .debug_frame   0x0000000000001c20       0x2c c:/st/stm32cubeide_1.10.1/stm32cubeide/plugins/com.st.stm32cube.ide.mcu.externaltools.gnu-tools-for-stm32.10.3-2021.10.win32_1.0.0.202111181127/tools/bin/../lib/gcc/arm-none-eabi/10.3.1/../../../../arm-none-eabi/lib/thumb/v7e-m+fp/hard\libc_nano.a(lib_a-init.o)
 .debug_frame   0x0000000000001c4c       0x20 c:/st/stm32cubeide_1.10.1/stm32cubeide/plugins/com.st.stm32cube.ide.mcu.externaltools.gnu-tools-for-stm32.10.3-2021.10.win32_1.0.0.202111181127/tools/bin/../lib/gcc/arm-none-eabi/10.3.1/../../../../arm-none-eabi/lib/thumb/v7e-m+fp/hard\libc_nano.a(lib_a-memset.o)
 .debug_frame   0x0000000000001c6c       0x2c c:/st/stm32cubeide_1.10.1/stm32cubeide/plugins/com.st.stm32cube.ide.mcu.externaltools.gnu-tools-for-stm32.10.3-2021.10.win32_1.0.0.202111181127/tools/bin/../lib/gcc/arm-none-eabi/10.3.1/thumb/v7e-m+fp/hard\libgcc.a(_aeabi_uldivmod.o)
 .debug_frame   0x0000000000001c98       0x34 c:/st/stm32cubeide_1.10.1/stm32cubeide/plugins/com.st.stm32cube.ide.mcu.externaltools.gnu-tools-for-stm32.10.3-2021.10.win32_1.0.0.202111181127/tools/bin/../lib/gcc/arm-none-eabi/10.3.1/thumb/v7e-m+fp/hard\libgcc.a(_udivmoddi4.o)
