../Core/Src/cg9a01.c:32:7:Write_Cmd_Data	16	static
../Core/Src/cg9a01.c:45:6:Write_Cmd	16	static
../Core/Src/cg9a01.c:58:7:Write_Data_U16	24	static
../Core/Src/cg9a01.c:70:6:Write_Data	16	static
../Core/Src/cg9a01.c:82:6:Write_Bytes	16	static
../Core/Src/cg9a01.c:93:19:SPI_Write	24	static
../Core/Src/cg9a01.c:104:19:SPI_Read	24	static
../Core/Src/cg9a01.c:119:6:GC9A01_Initial	8	static
../Core/Src/cg9a01.c:377:6:ClearScreen	24	static
../Core/Src/cg9a01.c:394:6:ClearScreen2	24	static
../Core/Src/cg9a01.c:399:6:ClearWindow	88	dynamic
../Core/Src/cg9a01.c:437:7:LCD_SetPos	24	static
../Core/Src/cg9a01.c:456:7:showzifu	32	static
../Core/Src/cg9a01.c:481:7:showzifustr	40	static
../Core/Src/cg9a01.c:495:7:LCD_DrawPoint	24	static
../Core/Src/cg9a01.c:502:7:LCD_DrawLine	64	static
../Core/Src/cg9a01.c:538:7:LCD_DrawRectangle	32	static
../Core/Src/cg9a01.c:547:7:Draw_Circle	32	static
../Core/Src/cg9a01.c:573:7:DispRGBGray	40	static
../Core/Src/cg9a01.c:654:7:show_picture	16	static
../Core/Src/cg9a01.c:675:7:show_picture2	32	static
../Core/Src/cg9a01.c:707:7:inversPicData	16	static
